U-Boot SPL 2026.07_armbian-2026.07-Sece3-Pe250-H2f33-V7ced-B6a81-R448a (Oct 06 2026 - 00:52:30 +0000)
DRAM: 1024 MiB
Trying to boot from MMC2
[SPL] mmc dev 1 init...
[MMC2] legacy init b_max=1
[T] clk
[T] clk ok
[T] create
[T] reset
[T] cmd0
[T] cmd8
[T] cmd55
[T] cmd0
[T] cmd1
[T] cmd1
[T] cmd1
[T] cmd1
[T] cmd2
[T] cmd3
[T] cmd9
[T] cmd7
asrf12345678L[SPL] mmc init ok: SUNXI SD/MMC (caps=0x40000000, clock=4000000)
[SPL] loading from raw sector 64 (offset 0xa000)...
[SPL-READ] sector 80 count 1... [TRACE] #0 cmd17 arg=0x50 blks=1 dest=?
wasrf12345678Ltdone
[SPL-FIT] load_simple_fit starting (off=0xa000)...
[SPL-FIT] fit_buffer=0x41000000, size=866304
[SPL-READ] sector 80 count 1692... [TRACE] #1 cmd17 arg=0x50 blks=1 dest=?
wasrf12345678Lt[TRACE] #2 cmd17 arg=0x51 blks=1 dest=?
wasrf12345678Lt[TRACE] #3 cmd17 arg=0x52 blks=1 dest=?
wasrf12345678Lt[TRACE] #4 cmd17 arg=0x53 blks=1 dest=?
wasrf12345678Lt[TRACE] #5 cmd17 arg=0x54 blks=1 dest=?
wasrf12345678Lt[TRACE] #6 cmd17 arg=0x55 blks=1 dest=?
wasrf12345678Lt[TRACE] #7 cmd17 arg=0x56 blks=1 dest=?
wasrf12345678Lt[TRACE] #8 cmd17 arg=0x57 blks=1 dest=?
wasrf12345678Lt[TRACE] #9 cmd17 arg=0x58 blks=1 dest=?
wasrf12345678Lt[TRACE] #10 cmd17 arg=0x59 blks=1 dest=?
wasrf12345678Lt[TRACE] #11 cmd17 arg=0x5a blks=1 dest=?
wasrf12345678Lt[TRACE] #12 cmd17 arg=0x5b blks=1 dest=?
wasrf12345678Lt[TRACE] #13 cmd17 arg=0x5c blks=1 dest=?
wasrf12345678Lt[TRACE] #14 cmd17 arg=0x5d blks=1 dest=?
wasrf12345678Lt[TRACE] #15 cmd17 arg=0x5e blks=1 dest=?
wasrf12345678Lt[TRACE] #16 cmd17 arg=0x5f blks=1 dest=?
wasrf12345678Lt[TRACE] #17 cmd17 arg=0x60 blks=1 dest=?
wasrf12345678Lt[TRACE] #18 cmd17 arg=0x61 blks=1 dest=?
wasrf12345678Lt[TRACE] #19 cmd17 arg=0x62 blks=1 dest=?
wasrf12345678Lt[TRACE] #20 cmd17 arg=0x63 blks=1 dest=?
wasrf12345678Lt[TRACE] #21 cmd17 arg=0x64 blks=1 dest=?
wasrf12345678Lt[TRACE] #22 cmd17 arg=0x65 blks=1 dest=?
wasrf12345678Lt[TRACE] #23 cmd17 arg=0x66 blks=1 dest=?
wasrf12345678Lt[TRACE] #24 cmd17 arg=0x67 blks=1 dest=?
wasrf12345678Lt[TRACE] #25 cmd17 arg=0x68 blks=1 dest=?
wasrf12345678Lt[TRACE] #26 cmd17 arg=0x69 blks=1 dest=?
wasrf12345678Lt[TRACE] #27 cmd17 arg=0x6a blks=1 dest=?
wasrf12345678Lt[TRACE] #28 cmd17 arg=0x6b blks=1 dest=?
wasrf12345678Lt[TRACE] #29 cmd17 arg=0x6c blks=1 dest=?
wasrf12345678Lt[TRACE] #30 cmd17 arg=0x6d blks=1 dest=?
wasrf12345678Lt[TRACE] #31 cmd17 arg=0x6e blks=1 dest=?
wasrf12345678Lt[TRACE] #32 cmd17 arg=0x6f blks=1 dest=?
wasrf12345678Lt[TRACE] #33 cmd17 arg=0x70 blks=1 dest=?
wasrf12345678Lt[TRACE] #34 cmd17 arg=0x71 blks=1 dest=?
wasrf12345678Lt[TRACE] #35 cmd17 arg=0x72 blks=1 dest=?
wasrf12345678Lt[TRACE] #36 cmd17 arg=0x73 blks=1 dest=?
wasrf12345678Lt[TRACE] #37 cmd17 arg=0x74 blks=1 dest=?
wasrf12345678Lt[TRACE] #38 cmd17 arg=0x75 blks=1 dest=?
wasrf12345678Lt[TRACE] #39 cmd17 arg=0x76 blks=1 dest=?
wasrf12345678Ltwasrf12345678Ltwasrf12345678Ltwasrf12345678Ltwasrf12345678Ltwasrf12345678Ltwasrf12345678Ltwasrf12345678Ltwasrf12345678Lt[TRACE] #48 cmd17 arg=0x7f blks=1 dest=?
wasrf12345678Ltwasrf12345678Ltwasrf12345678Ltwasrf12345678Ltwasrf12345678Ltwasrf12345678Ltwasrf12345678Ltwasrf12345678Ltwasrf12345678Ltwasrf12345678Ltwasrf12345678Ltwasrf12345678Ltwasrf12345678Ltwasrf12345678Ltwasrf12345678Ltwasrf12345678Lt[TRACE] #64 cmd17 arg=0x8f blks=1 dest=?
wasrf12345678Ltwasrf12345678Ltwasrf12345678Ltwasrf12345678Ltwasrf12345678Ltwasrf12345678Ltwasrf12345678Ltwasrf12345678Ltwasrf12345678Ltwasrf12345678Ltwasrf12345678Ltwasrf12345678Ltwasrf12345678Ltwasrf12345678Ltwasrf12345678Ltwasrf12345678Lt[TRACE] #80 cmd17 arg=0x9f blks=1 dest=?
wasrf12345678Ltwasrf12345678Ltwasrf12345678Ltwasrf12345678Ltwasrf12345678Ltwasrf12345678Ltwasrf12345678Ltwasrf12345678Ltwasrf12345678Ltwasrf12345678Ltwasrf12345678Ltwasrf12345678Ltwasrf12345678Ltwasrf12345678Ltwasrf12345678Ltwasrf12345678Lt[TRACE] #96 cmd17 arg=0xaf blks=1 dest=?
wasrf12345678Ltwasrf12345678Ltwasrf12345678Ltwasrf12345678Ltwasrf12345678Ltwasrf12345678Ltwasrf12345678Ltwasrf12345678Ltwasrf12345678Ltwasrf12345678Ltwasrf12345678Ltwasrf12345678Ltwasrf12345678Ltwasrf12345678Ltwasrf12345678Ltwasrf12345678Lt[TRACE] #112 cmd17 arg=0xbf blks=1 dest=?
wasrf12345678Ltwasrf12345678Ltwasrf12345678Ltwasrf12345678Ltwasrf12345678Ltwasrf12345678Ltwasrf12345678Ltwasrf12345678Ltwasrf12345678Ltwasrf12345678Ltwasrf12345678Ltwasrf12345678Ltwasrf12345678Ltwasrf12345678Ltwasrf12345678Ltwasrf12345678Lt[TRACE] #128 cmd17 arg=0xcf blks=1 dest=?
wasrf12345678Ltwasrf12345678Ltwasrf12345678Ltwasrf12345678Ltwasrf12345678Ltwasrf12345678Ltwasrf12345678Ltwasrf12345678Ltwasrf12345678Ltwasrf12345678Ltwasrf12345678Ltwasrf12345678Ltwasrf12345678Ltwasrf12345678Ltwasrf12345678Ltwasrf12345678Lt[TRACE] #144 cmd17 arg=0xdf blks=1 dest=?
wasrf12345678Ltwasrf12345678Ltwasrf12345678Ltwasrf12345678Ltwasrf12345678Ltwasrf12345678Ltwasrf12345678Ltwasrf12345678Ltwasrf12345678Ltwasrf12345678Ltwasrf12345678Ltwasrf12345678Ltwasrf12345678Ltwasrf12345678Ltwasrf12345678Ltwasrf12345678Lt[TRACE] #160 cmd17 arg=0xef blks=1 dest=?
wasrf12345678Ltwasrf12345678Ltwasrf12345678Ltwasrf12345678Ltwasrf12345678Ltwasrf12345678Ltwasrf12345678Ltwasrf12345678Ltwasrf12345678Ltwasrf12345678Ltwasrf12345678Ltwasrf12345678Ltwasrf12345678Ltwasrf12345678Ltwasrf12345678Ltwasrf12345678Lt[TRACE] #176 cmd17 arg=0xff blks=1 dest=?
wasrf12345678Ltwasrf12345678Ltwasrf12345678Ltwasrf12345678Ltwasrf12345678Ltwasrf12345678Ltwasrf12345678Ltwasrf12345678Ltwasrf12345678Ltwasrf12345678Ltwasrf12345678Ltwasrf12345678Ltwasrf12345678Ltwasrf12345678Ltwasrf12345678Ltwasrf12345678Lt[TRACE] #192 cmd17 arg=0x10f blks=1 dest=?
wasrf12345678Ltwasrf12345678Ltwasrf12345678Ltwasrf12345678Ltwasrf12345678Ltwasrf12345678Ltwasrf12345678Ltwasrf12345678Ltwasrf12345678Ltwasrf12345678Ltwasrf12345678Ltwasrf12345678Ltwasrf12345678Ltwasrf12345678Ltwasrf12345678Ltwasrf12345678Lt[TRACE] #208 cmd17 arg=0x11f blks=1 dest=?
wasrf12345678Ltwasrf12345678Ltwasrf12345678Ltwasrf12345678Ltwasrf12345678Ltwasrf12345678Ltwasrf12345678Ltwasrf12345678Ltwasrf12345678Ltwasrf12345678Ltwasrf12345678Ltwasrf12345678Ltwasrf12345678Ltwasrf12345678Ltwasrf12345678Ltwasrf12345678Lt[TRACE] #224 cmd17 arg=0x12f blks=1 dest=?
wasrf12345678Ltwasrf12345678Ltwasrf12345678Ltwasrf12345678Ltwasrf12345678Ltwasrf12345678Ltwasrf12345678Ltwasrf12345678Ltwasrf12345678Ltwasrf12345678Ltwasrf12345678Ltwasrf12345678Ltwasrf12345678Ltwasrf12345678Ltwasrf12345678Ltwasrf12345678Lt[TRACE] #240 cmd17 arg=0x13f blks=1 dest=?
wasrf12345678Ltwasrf12345678Ltwasrf12345678Ltwasrf12345678Ltwasrf12345678Ltwasrf12345678Ltwasrf12345678Ltwasrf12345678Ltwasrf12345678Ltwasrf12345678Ltwasrf12345678Ltwasrf12345678Ltwasrf12345678Ltwasrf12345678Ltwasrf12345678Ltwasrf12345678Lt[TRACE] #256 cmd17 arg=0x14f blks=1 dest=?
wasrf12345678Ltwasrf12345678Ltwasrf12345678Ltwasrf12345678Ltwasrf12345678Ltwasrf12345678Ltwasrf12345678Ltwasrf12345678Ltwasrf12345678Ltwasrf12345678Ltwasrf12345678Ltwasrf12345678Ltwasrf12345678Ltwasrf12345678Ltwasrf12345678Ltwasrf12345678Lt[TRACE] #272 cmd17 arg=0x15f blks=1 dest=?
wasrf12345678Ltwasrf12345678Ltwasrf12345678Ltwasrf12345678Ltwasrf12345678Ltwasrf12345678Ltwasrf12345678Ltwasrf12345678Ltwasrf12345678Ltwasrf12345678Ltwasrf12345678Ltwasrf12345678Ltwasrf12345678Ltwasrf12345678Ltwasrf12345678Ltwasrf12345678Lt[TRACE] #288 cmd17 arg=0x16f blks=1 dest=?
wasrf12345678Ltwasrf12345678Ltwasrf12345678Ltwasrf12345678Ltwasrf12345678Ltwasrf12345678Ltwasrf12345678Ltwasrf12345678Ltwasrf12345678Ltwasrf12345678Ltwasrf12345678Ltwasrf12345678Ltwasrf12345678Ltwasrf12345678Ltwasrf12345678Ltwasrf12345678Lt[TRACE] #304 cmd17 arg=0x17f blks=1 dest=?
wasrf12345678Ltwasrf12345678Ltwasrf12345678Ltwasrf12345678Ltwasrf12345678Ltwasrf12345678Ltwasrf12345678Ltwasrf12345678Ltwasrf12345678Ltwasrf12345678Ltwasrf12345678Ltwasrf12345678Ltwasrf12345678Ltwasrf12345678Ltwasrf12345678Ltwasrf12345678Lt[TRACE] #320 cmd17 arg=0x18f blks=1 dest=?
wasrf12345678Ltwasrf12345678Ltwasrf12345678Ltwasrf12345678Ltwasrf12345678Ltwasrf12345678Ltwasrf12345678Ltwasrf12345678Ltwasrf12345678Ltwasrf12345678Ltwasrf12345678Ltwasrf12345678Ltwasrf12345678Ltwasrf12345678Ltwasrf12345678Ltwasrf12345678Lt[TRACE] #336 cmd17 arg=0x19f blks=1 dest=?
wasrf12345678Ltwasrf12345678Ltwasrf12345678Ltwasrf12345678Ltwasrf12345678Ltwasrf12345678Ltwasrf12345678Ltwasrf12345678Ltwasrf12345678Ltwasrf12345678Ltwasrf12345678Ltwasrf12345678Ltwasrf12345678Ltwasrf12345678Ltwasrf12345678Ltwasrf12345678Lt[TRACE] #352 cmd17 arg=0x1af blks=1 dest=?
wasrf12345678Ltwasrf12345678Ltwasrf12345678Ltwasrf12345678Ltwasrf12345678Ltwasrf12345678Ltwasrf12345678Ltwasrf12345678Ltwasrf12345678Ltwasrf12345678Ltwasrf12345678Ltwasrf12345678Ltwasrf12345678Ltwasrf12345678Ltwasrf12345678Ltwasrf12345678Lt[TRACE] #368 cmd17 arg=0x1bf blks=1 dest=?
wasrf12345678Ltwasrf12345678Ltwasrf12345678Ltwasrf12345678Ltwasrf12345678Ltwasrf12345678Ltwasrf12345678Ltwasrf12345678Ltwasrf12345678Ltwasrf12345678Ltwasrf12345678Ltwasrf12345678Ltwasrf12345678Ltwasrf12345678Ltwasrf12345678Ltwasrf12345678Lt[TRACE] #384 cmd17 arg=0x1cf blks=1 dest=?
wasrf12345678Ltwasrf12345678Ltwasrf12345678Ltwasrf12345678Ltwasrf12345678Ltwasrf12345678Ltwasrf12345678Ltwasrf12345678Ltwasrf12345678Ltwasrf12345678Ltwasrf12345678Ltwasrf12345678Ltwasrf12345678Ltwasrf12345678Ltwasrf12345678Ltwasrf12345678Lt[TRACE] #400 cmd17 arg=0x1df blks=1 dest=?
wasrf12345678Ltwasrf12345678Ltwasrf12345678Ltwasrf12345678Ltwasrf12345678Ltwasrf12345678Ltwasrf12345678Ltwasrf12345678Ltwasrf12345678Ltwasrf12345678Ltwasrf12345678Ltwasrf12345678Ltwasrf12345678Ltwasrf12345678Ltwasrf12345678Ltwasrf12345678Lt[TRACE] #416 cmd17 arg=0x1ef blks=1 dest=?
wasrf12345678Ltwasrf12345678Ltwasrf12345678Ltwasrf12345678Ltwasrf12345678Ltwasrf12345678Ltwasrf12345678Ltwasrf12345678Ltwasrf12345678Ltwasrf12345678Ltwasrf12345678Ltwasrf12345678Ltwasrf12345678Ltwasrf12345678Ltwasrf12345678Ltwasrf12345678Lt[TRACE] #432 cmd17 arg=0x1ff blks=1 dest=?
wasrf12345678Ltwasrf12345678Ltwasrf12345678Ltwasrf12345678Ltwasrf12345678Ltwasrf12345678Ltwasrf12345678Ltwasrf12345678Ltwasrf12345678Ltwasrf12345678Ltwasrf12345678Ltwasrf12345678Ltwasrf12345678Ltwasrf12345678Ltwasrf12345678Ltwasrf12345678Lt[TRACE] #448 cmd17 arg=0x20f blks=1 dest=?
wasrf12345678Ltwasrf12345678Ltwasrf12345678Ltwasrf12345678Ltwasrf12345678Ltwasrf12345678Ltwasrf12345678Ltwasrf12345678Ltwasrf12345678Ltwasrf12345678Ltwasrf12345678Ltwasrf12345678Ltwasrf12345678Ltwasrf12345678Ltwasrf12345678Ltwasrf12345678Lt[TRACE] #464 cmd17 arg=0x21f blks=1 dest=?
wasrf12345678Ltwasrf12345678Ltwasrf12345678Ltwasrf12345678Ltwasrf12345678Ltwasrf12345678Ltwasrf12345678Ltwasrf12345678Ltwasrf12345678Ltwasrf12345678Ltwasrf12345678Ltwasrf12345678Ltwasrf12345678Ltwasrf12345678Ltwasrf12345678Ltwasrf12345678Lt[TRACE] #480 cmd17 arg=0x22f blks=1 dest=?
wasrf12345678Ltwasrf12345678Ltwasrf12345678Ltwasrf12345678Ltwasrf12345678Ltwasrf12345678Ltwasrf12345678Ltwasrf12345678Ltwasrf12345678Ltwasrf12345678Ltwasrf12345678Ltwasrf12345678Ltwasrf12345678Ltwasrf12345678Ltwasrf12345678Ltwasrf12345678Lt[TRACE] #496 cmd17 arg=0x23f blks=1 dest=?
wasrf12345678Ltwasrf12345678Ltwasrf12345678Ltwasrf12345678Ltwasrf12345678Ltwasrf12345678Ltwasrf12345678Ltwasrf12345678Ltwasrf12345678Ltwasrf12345678Ltwasrf12345678Ltwasrf12345678Ltwasrf12345678Ltwasrf12345678Ltwasrf12345678Ltwasrf12345678Lt[TRACE] #512 cmd17 arg=0x24f blks=1 dest=?
wasrf12345678Ltwasrf12345678Ltwasrf12345678Ltwasrf12345678Ltwasrf12345678Ltwasrf12345678Ltwasrf12345678Ltwasrf12345678Ltwasrf12345678Ltwasrf12345678Ltwasrf12345678Ltwasrf12345678Ltwasrf12345678Ltwasrf12345678Ltwasrf12345678Ltwasrf12345678Lt[TRACE] #528 cmd17 arg=0x25f blks=1 dest=?
wasrf12345678Ltwasrf12345678Ltwasrf12345678Ltwasrf12345678Ltwasrf12345678Ltwasrf12345678Ltwasrf12345678Ltwasrf12345678Ltwasrf12345678Ltwasrf12345678Ltwasrf12345678Ltwasrf12345678Ltwasrf12345678Ltwasrf12345678Ltwasrf12345678Ltwasrf12345678Lt[TRACE] #544 cmd17 arg=0x26f blks=1 dest=?
wasrf12345678Ltwasrf12345678Ltwasrf12345678Ltwasrf12345678Ltwasrf12345678Ltwasrf12345678Ltwasrf12345678Ltwasrf12345678Ltwasrf12345678Ltwasrf12345678Ltwasrf12345678Ltwasrf12345678Ltwasrf12345678Ltwasrf12345678Ltwasrf12345678Ltwasrf12345678Lt[TRACE] #560 cmd17 arg=0x27f blks=1 dest=?
wasrf12345678Ltwasrf12345678Ltwasrf12345678Ltwasrf12345678Ltwasrf12345678Ltwasrf12345678Ltwasrf12345678Ltwasrf12345678Ltwasrf12345678Ltwasrf12345678Ltwasrf12345678Ltwasrf12345678Ltwasrf12345678Ltwasrf12345678Ltwasrf12345678Ltwasrf12345678Lt[TRACE] #576 cmd17 arg=0x28f blks=1 dest=?
